$ 128, 22

. . . . . . . . . . . . . . . . . . . . . .
. * . * . * . * . * . . * . * . * . * . * .
. . . . . . . . . . . # * . * . * . * . * .
. * . * . * . * . * . # * * * . * . * . * .
. . . . . . . . . . . # * . * * * . * . * .
. * . * . * . * . * . . * . * . * . * . * .
. . . . . # # # . . . . . . . . # # # . . .
. * . * . * . * . * . . * . * . * . * . * .
. . . . . . . . . . . . . . . . . . . . . .
. * . * . * . * . * . . * . * . * . * . * .
. . . . . . . * . . . # * . * . * . * . * .
. * . * . * . * . * . # * * * . * . * . * .
. . . . . . . . . . . # * . * * * . * . * .
. * . * . * . * . * . . * . * . * . * . * .
. . . . . # # # . . . . . . . . # # # . . .
. * . * . * . * . * . . * . * . * . * . * #
. . . . . . . . . . . . . . . . . . . . . .
. * # * . * . * . * . . * . * . * . * . * .
. . . . . . . . . . . # * . * . * . * . * .
. * . * . * . * . * . # * * * . * . * . * .
. . # . . . . . . . . # * . * * * . * . * .
. * . * . * . * . * . . * . * . * . * . * .
. . . . . # # # . . . . . . . . # # # . . .
. * . * . * . * . * . . * . * . * . * . * .
. . . . . . . . . . . . . . . . . . . . . .
. * . * . * . * . * . . * . * . * . * . * .
. . . . . . . * . . . # * . * . * . * . * .
. * . * . * . * . * . # * * * . * . * . * .
. . . . . . . . . . . # * . * * * . * . * .
. * # * . * . * . * . . * . * . * . * . * .
. . . . # # # # . . . . . . . . # # # . . .
. * . * . * . * . * . . * . * . * . * . * #
. . . . . . . . . . . . . . . . . . . . . .
. * . * . * . * . * . . * . * . * . * . * .
. . . . . . . . . . . # * . * . * . * . * .
. * . * . * . * . * . # * * * . * . * . * .
. . . . . . . . . . . # * . * * * . * . * .
. * . * . * . * . * . . * . * . * . * . * .
. . . . . # # # . . . . . . . . # # # . . .
. * . * . * . * . * . . * . * . * . * . * .
. . . . . . . . . . . . . . . . . . . . . .
. * . * . * . * . * . . * . * . * . * . * .
. . . . . . . * . . . # * . * . * . * . * .
. * . * . * . * . * . # * * * . * . * . * .
. . . . . . . . . . . # * . * * * . * . * .
. * . * . * . * . * . . * . * . * . * . * .
. . . . . # # # . . . . . . . . # # # . . .
. * . * . * . * . * . . * . * . * . * . * #
. . . . . . . . . . . . . . . . . . . . . .
. * # * . * . * . * . . * . * . * . * . * .
. . . . . . . . . . . # * . * . * . * . * .
. * . * . * . * . * . # * * * . * . * . * .
. . # . . . . . . . . # * . * * * . * . * .
. * . * . * . * . * . . * . * . * . * . * .
. . . . . # # # . . . . . . . . # # # . . .
. * . * . * . * . * . . * . * . * . * . * .
. . . . . . . . . . . . . . . . . . . . . .
. * . * . * . * . * . . * . * . * . * . * .
. . . . . . . * . . . # * . * . * . * . * .
. * . * . * . * . * . # * * * . * . * . * .
. . . . . . . . . . . # * . * * * . * . * .
. * # * . * . * . * . . * . * . * . * . * .
. . . . # # # # . . . . . . . . # # # . . .
. * . * . * . * . * . . * . * . * . * . * #
. . . . . . . . . . . . . . . . . . . . . .
. * . * . * . * . * . . * . * . * . * . * .
. . . . . . . . . . . # * . * . * . * . * .
. * . * . * . * . * . # * * * . * . * . * .
. . . . . . . . . . . # * . * * * . * . * .
. * . * . * . * . * . . * . * . * . * . * .
. . . . . # # # . . . . . . . . # # # . . .
. * . * . * . * . * . . * . * . * . * . * .
. . . . . . . . . . . . . . . . . . . . . .
. * . * . * . * . * . . * . * . * . * . * .
. . . . . . . * . . . # * . * . * . * . * .
. * . * . * . * . * . # * * * . * . * . * .
. . . . . . . . . . . # * . * * * . * . * .
. * . * . * . * . * . . * . * . * . * . * .
. . . . . # # # . . . . . . . . # # # . . .
. * . * . * . * . * . . * . * . * . * . * #
. . . . . . . . . . . . . . . . . . . . . .
. * # * . * . * . * . . * . * . * . * . * .
. . . . . . . . . . . # * . * . * . * . * .
. * . * . * . * . * . # * * * . * . * . * .
. . # . . . . . . . . # * . * * * . * . * .
. * . * . * . * . * . . * . * . * . * . * .
. . . . . # # # . . . . . . . . # # # . . .
. * . * . * . * . * . . * . * . * . * . * .
. . . . . . . . . . . . . . . . . . . . . .
. * . * . * . * . * . . * . * . * . * . * .
. . . . . . . * . . . # * . * . * . * . * .
. * . * . * . * . * . # * * * . * . * . * .
. . . . . . . . . . . # * . * * * . * . * .
. * # * . * . * . * . . * . * . * . * . * .
. . . . # # # # . . . . . . . . # # # . . .
. * . * . * . * . * . . * . * . * . * . * #
. . . . . . . . . . . . . . . . . . . . . .
. * . * . * . * . * . . * . * . * . * . * .
. . . . . . . . . . . # * . * . * . * . * .
. * . * . * . * . * . # * * * . * . * . * .
. . . . . . . . . . . # * . * * * . * . * .
. * . * . * . * . * . . * . * . * . * . * .
. . . . . # # # . . . . . . . . # # # . . .
. * . * . * . * . * . . * . * . * . * . * .
. . . . . . . . . . . . . . . . . . . . . .
. * . * . * . * . * . . * . * . * . * . * .
. . . . . . . * . . . # * . * . * . * . * .
. * . * . * . * . * . # * * * . * . * . * .
. . . . . . . . . . . # * . * * * . * . * .
. * . * . * . * . * . . * . * . * . * . * .
. . . . . # # # . . . . . . . . # # # . . .
. * . * . * . * . * . . * . * . * . * . * #
. . . . . . . . . . . . . . . . . . . . . .
. * # * . * . * . * . . * . * . * . * . * .
. . . . . . . . . . . # * . * . * . * . * .
. * . * . * . * . * . # * * * . * . * . * .
. . # . . . . . . . . # * . * * * . * . * .
. * . * . * . * . * . . * . * . * . * . * .
. . . . . # # # . . . . . . . . # # # . . .
. * . * . * . * . * . . * . * . * . * . * .
. . . . . . . . . . . . . . . . . . . . . .
. * . * . * . * . * . . * . * . * . * . * .
. . . . . . . * . . . # * . * . * . * . * .
. * . * . * . * . * . # * * * . * . * . * .
. . . . . . . . . . . # * . * * * . * . * .
. * # * . * . * . * . v * . * . * . * . * .
. . . . # # # # . . . . . . . . # # # . . .
. * . * . * . * . * . . * . * . * . * . * #
